Archive member included because of file (symbol)

p:/mhv-avr-tools/bin/../lib/gcc/avr/4.8.2/../../../../avr/lib/avr5\libprintf_flt.a(vfprintf_flt.o)
                              (vfprintf)
p:/mhv-avr-tools/bin/../lib/gcc/avr/4.8.2/avr5\libgcc.a(_prologue.o)
                              p:/mhv-avr-tools/bin/../lib/gcc/avr/4.8.2/../../../../avr/lib/avr5\libprintf_flt.a(vfprintf_flt.o) (__prologue_saves__)
p:/mhv-avr-tools/bin/../lib/gcc/avr/4.8.2/avr5\libgcc.a(_epilogue.o)
                              p:/mhv-avr-tools/bin/../lib/gcc/avr/4.8.2/../../../../avr/lib/avr5\libprintf_flt.a(vfprintf_flt.o) (__epilogue_restores__)
p:/mhv-avr-tools/bin/../lib/gcc/avr/4.8.2/avr5\libgcc.a(_exit.o)
                              p:/mhv-avr-tools/bin/../lib/gcc/avr/4.8.2/../../../../avr/lib/avr5/crtm328p.o (exit)
p:/mhv-avr-tools/bin/../lib/gcc/avr/4.8.2/avr5\libgcc.a(_copy_data.o)
                              ./main.o (__do_copy_data)
p:/mhv-avr-tools/bin/../lib/gcc/avr/4.8.2/../../../../avr/lib/avr5\libm.a(divsf3.o)
                              ./main.o (__divsf3)
p:/mhv-avr-tools/bin/../lib/gcc/avr/4.8.2/../../../../avr/lib/avr5\libm.a(divsf3x.o)
                              p:/mhv-avr-tools/bin/../lib/gcc/avr/4.8.2/../../../../avr/lib/avr5\libm.a(divsf3.o) (__divsf3x)
p:/mhv-avr-tools/bin/../lib/gcc/avr/4.8.2/../../../../avr/lib/avr5\libm.a(floatsisf.o)
                              ./main.o (__floatunsisf)
p:/mhv-avr-tools/bin/../lib/gcc/avr/4.8.2/../../../../avr/lib/avr5\libm.a(fp_inf.o)
                              p:/mhv-avr-tools/bin/../lib/gcc/avr/4.8.2/../../../../avr/lib/avr5\libm.a(divsf3x.o) (__fp_inf)
p:/mhv-avr-tools/bin/../lib/gcc/avr/4.8.2/../../../../avr/lib/avr5\libm.a(fp_nan.o)
                              p:/mhv-avr-tools/bin/../lib/gcc/avr/4.8.2/../../../../avr/lib/avr5\libm.a(divsf3x.o) (__fp_nan)
p:/mhv-avr-tools/bin/../lib/gcc/avr/4.8.2/../../../../avr/lib/avr5\libm.a(fp_pscA.o)
                              p:/mhv-avr-tools/bin/../lib/gcc/avr/4.8.2/../../../../avr/lib/avr5\libm.a(divsf3x.o) (__fp_pscA)
p:/mhv-avr-tools/bin/../lib/gcc/avr/4.8.2/../../../../avr/lib/avr5\libm.a(fp_pscB.o)
                              p:/mhv-avr-tools/bin/../lib/gcc/avr/4.8.2/../../../../avr/lib/avr5\libm.a(divsf3x.o) (__fp_pscB)
p:/mhv-avr-tools/bin/../lib/gcc/avr/4.8.2/../../../../avr/lib/avr5\libm.a(fp_round.o)
                              p:/mhv-avr-tools/bin/../lib/gcc/avr/4.8.2/../../../../avr/lib/avr5\libm.a(divsf3.o) (__fp_round)
p:/mhv-avr-tools/bin/../lib/gcc/avr/4.8.2/../../../../avr/lib/avr5\libm.a(fp_split3.o)
                              p:/mhv-avr-tools/bin/../lib/gcc/avr/4.8.2/../../../../avr/lib/avr5\libm.a(divsf3x.o) (__fp_split3)
p:/mhv-avr-tools/bin/../lib/gcc/avr/4.8.2/../../../../avr/lib/avr5\libm.a(fp_zero.o)
                              p:/mhv-avr-tools/bin/../lib/gcc/avr/4.8.2/../../../../avr/lib/avr5\libm.a(divsf3x.o) (__fp_szero)
p:/mhv-avr-tools/bin/../lib/gcc/avr/4.8.2/../../../../avr/lib/avr5\libm.a(mulsf3.o)
                              ./main.o (__mulsf3)
p:/mhv-avr-tools/bin/../lib/gcc/avr/4.8.2/../../../../avr/lib/avr5\libm.a(mulsf3x.o)
                              p:/mhv-avr-tools/bin/../lib/gcc/avr/4.8.2/../../../../avr/lib/avr5\libm.a(mulsf3.o) (__mulsf3x)
p:/mhv-avr-tools/bin/../lib/gcc/avr/4.8.2/../../../../avr/lib/avr5\libc.a(ftoa_engine.o)
                              p:/mhv-avr-tools/bin/../lib/gcc/avr/4.8.2/../../../../avr/lib/avr5\libprintf_flt.a(vfprintf_flt.o) (__ftoa_engine)
p:/mhv-avr-tools/bin/../lib/gcc/avr/4.8.2/../../../../avr/lib/avr5\libc.a(strnlen_P.o)
                              p:/mhv-avr-tools/bin/../lib/gcc/avr/4.8.2/../../../../avr/lib/avr5\libprintf_flt.a(vfprintf_flt.o) (strnlen_P)
p:/mhv-avr-tools/bin/../lib/gcc/avr/4.8.2/../../../../avr/lib/avr5\libc.a(strnlen.o)
                              p:/mhv-avr-tools/bin/../lib/gcc/avr/4.8.2/../../../../avr/lib/avr5\libprintf_flt.a(vfprintf_flt.o) (strnlen)
p:/mhv-avr-tools/bin/../lib/gcc/avr/4.8.2/../../../../avr/lib/avr5\libc.a(fputc.o)
                              p:/mhv-avr-tools/bin/../lib/gcc/avr/4.8.2/../../../../avr/lib/avr5\libprintf_flt.a(vfprintf_flt.o) (fputc)
p:/mhv-avr-tools/bin/../lib/gcc/avr/4.8.2/../../../../avr/lib/avr5\libc.a(sprintf.o)
                              ./main.o (sprintf)
p:/mhv-avr-tools/bin/../lib/gcc/avr/4.8.2/../../../../avr/lib/avr5\libc.a(ultoa_invert.o)
                              p:/mhv-avr-tools/bin/../lib/gcc/avr/4.8.2/../../../../avr/lib/avr5\libprintf_flt.a(vfprintf_flt.o) (__ultoa_invert)

Memory Configuration

Name             Origin             Length             Attributes
text             0x00000000         0x00020000         xr
data             0x00800060         0x0000ffa0         rw !x
eeprom           0x00810000         0x00010000         rw !x
fuse             0x00820000         0x00000400         rw !x
lock             0x00830000         0x00000400         rw !x
signature        0x00840000         0x00000400         rw !x
*default*        0x00000000         0xffffffff

Linker script and memory map

Address of section .data set to 0x800100
LOAD p:/mhv-avr-tools/bin/../lib/gcc/avr/4.8.2/../../../../avr/lib/avr5/crtm328p.o
LOAD p:/mhv-avr-tools/bin/../lib/gcc/avr/4.8.2/../../../../avr/lib/avr5\libprintf_flt.a
LOAD p:/mhv-avr-tools/bin/../lib/gcc/avr/4.8.2/../../../../avr/lib/avr5\libm.a
LOAD ./adc.o
LOAD ./dbg_putchar.o
LOAD ./main.o
LOAD ./usart.o
START GROUP
LOAD p:/mhv-avr-tools/bin/../lib/gcc/avr/4.8.2/avr5\libgcc.a
LOAD p:/mhv-avr-tools/bin/../lib/gcc/avr/4.8.2/../../../../avr/lib/avr5\libm.a
LOAD p:/mhv-avr-tools/bin/../lib/gcc/avr/4.8.2/../../../../avr/lib/avr5\libc.a
END GROUP

.hash
 *(.hash)

.dynsym
 *(.dynsym)

.dynstr
 *(.dynstr)

.gnu.version
 *(.gnu.version)

.gnu.version_d
 *(.gnu.version_d)

.gnu.version_r
 *(.gnu.version_r)

.rel.init
 *(.rel.init)

.rela.init
 *(.rela.init)

.rel.text
 *(.rel.text)
 *(.rel.text.*)
 *(.rel.gnu.linkonce.t*)

.rela.text
 *(.rela.text)
 *(.rela.text.*)
 *(.rela.gnu.linkonce.t*)

.rel.fini
 *(.rel.fini)

.rela.fini
 *(.rela.fini)

.rel.rodata
 *(.rel.rodata)
 *(.rel.rodata.*)
 *(.rel.gnu.linkonce.r*)

.rela.rodata
 *(.rela.rodata)
 *(.rela.rodata.*)
 *(.rela.gnu.linkonce.r*)

.rel.data
 *(.rel.data)
 *(.rel.data.*)
 *(.rel.gnu.linkonce.d*)

.rela.data
 *(.rela.data)
 *(.rela.data.*)
 *(.rela.gnu.linkonce.d*)

.rel.ctors
 *(.rel.ctors)

.rela.ctors
 *(.rela.ctors)

.rel.dtors
 *(.rel.dtors)

.rela.dtors
 *(.rela.dtors)

.rel.got
 *(.rel.got)

.rela.got
 *(.rela.got)

.rel.bss
 *(.rel.bss)

.rela.bss
 *(.rela.bss)

.rel.plt
 *(.rel.plt)

.rela.plt
 *(.rela.plt)

.text           0x00000000     0x1278
 *(.vectors)
 .vectors       0x00000000       0x68 p:/mhv-avr-tools/bin/../lib/gcc/avr/4.8.2/../../../../avr/lib/avr5/crtm328p.o
                0x00000000                __vector_default
                0x00000000                __vectors
 *(.vectors)
 *(.progmem.gcc*)
                0x00000068                . = ALIGN (0x2)
                0x00000068                __trampolines_start = .
 *(.trampolines)
 .trampolines   0x00000068        0x0 linker stubs
 *(.trampolines*)
                0x00000068                __trampolines_end = .
 *(.progmem*)
 .progmem.data  0x00000068        0x8 p:/mhv-avr-tools/bin/../lib/gcc/avr/4.8.2/../../../../avr/lib/avr5\libprintf_flt.a(vfprintf_flt.o)
 .progmem.data  0x00000070       0xfa p:/mhv-avr-tools/bin/../lib/gcc/avr/4.8.2/../../../../avr/lib/avr5\libc.a(ftoa_engine.o)
                0x0000016a                . = ALIGN (0x2)
 *(.jumptables)
 *(.jumptables*)
 *(.lowtext)
 *(.lowtext*)
                0x0000016a                __ctors_start = .
 *(.ctors)
                0x0000016a                __ctors_end = .
                0x0000016a                __dtors_start = .
 *(.dtors)
                0x0000016a                __dtors_end = .
 SORT(*)(.ctors)
 SORT(*)(.dtors)
 *(.init0)
 .init0         0x0000016a        0x0 p:/mhv-avr-tools/bin/../lib/gcc/avr/4.8.2/../../../../avr/lib/avr5/crtm328p.o
                0x0000016a                __init
 *(.init0)
 *(.init1)
 *(.init1)
 *(.init2)
 .init2         0x0000016a        0xc p:/mhv-avr-tools/bin/../lib/gcc/avr/4.8.2/../../../../avr/lib/avr5/crtm328p.o
 *(.init2)
 *(.init3)
 *(.init3)
 *(.init4)
 .init4         0x00000176       0x16 p:/mhv-avr-tools/bin/../lib/gcc/avr/4.8.2/avr5\libgcc.a(_copy_data.o)
                0x00000176                __do_copy_data
 *(.init4)
 *(.init5)
 *(.init5)
 *(.init6)
 *(.init6)
 *(.init7)
 *(.init7)
 *(.init8)
 *(.init8)
 *(.init9)
 .init9         0x0000018c        0x8 p:/mhv-avr-tools/bin/../lib/gcc/avr/4.8.2/../../../../avr/lib/avr5/crtm328p.o
 *(.init9)
 *(.text)
 .text          0x00000194        0x4 p:/mhv-avr-tools/bin/../lib/gcc/avr/4.8.2/../../../../avr/lib/avr5/crtm328p.o
                0x00000194                __vector_22
                0x00000194                __vector_24
                0x00000194                __vector_12
                0x00000194                __bad_interrupt
                0x00000194                __vector_6
                0x00000194                __vector_3
                0x00000194                __vector_23
                0x00000194                __vector_25
                0x00000194                __vector_11
                0x00000194                __vector_13
                0x00000194                __vector_17
                0x00000194                __vector_19
                0x00000194                __vector_7
                0x00000194                __vector_5
                0x00000194                __vector_4
                0x00000194                __vector_9
                0x00000194                __vector_2
                0x00000194                __vector_21
                0x00000194                __vector_15
                0x00000194                __vector_8
                0x00000194                __vector_14
                0x00000194                __vector_10
                0x00000194                __vector_16
                0x00000194                __vector_18
                0x00000194                __vector_20
 .text          0x00000198        0x0 p:/mhv-avr-tools/bin/../lib/gcc/avr/4.8.2/../../../../avr/lib/avr5\libprintf_flt.a(vfprintf_flt.o)
 .text          0x00000198        0x0 ./adc.o
 .text          0x00000198        0x0 ./dbg_putchar.o
 .text          0x00000198        0x0 ./main.o
 .text          0x00000198        0x0 ./usart.o
 .text          0x00000198        0x0 p:/mhv-avr-tools/bin/../lib/gcc/avr/4.8.2/avr5\libgcc.a(_prologue.o)
 .text          0x00000198        0x0 p:/mhv-avr-tools/bin/../lib/gcc/avr/4.8.2/avr5\libgcc.a(_epilogue.o)
 .text          0x00000198        0x0 p:/mhv-avr-tools/bin/../lib/gcc/avr/4.8.2/avr5\libgcc.a(_exit.o)
 .text          0x00000198        0x0 p:/mhv-avr-tools/bin/../lib/gcc/avr/4.8.2/avr5\libgcc.a(_copy_data.o)
 .text          0x00000198        0x0 p:/mhv-avr-tools/bin/../lib/gcc/avr/4.8.2/../../../../avr/lib/avr5\libm.a(divsf3.o)
 .text          0x00000198        0x0 p:/mhv-avr-tools/bin/../lib/gcc/avr/4.8.2/../../../../avr/lib/avr5\libm.a(divsf3x.o)
 .text          0x00000198        0x0 p:/mhv-avr-tools/bin/../lib/gcc/avr/4.8.2/../../../../avr/lib/avr5\libm.a(floatsisf.o)
 .text          0x00000198        0x0 p:/mhv-avr-tools/bin/../lib/gcc/avr/4.8.2/../../../../avr/lib/avr5\libm.a(fp_inf.o)
 .text          0x00000198        0x0 p:/mhv-avr-tools/bin/../lib/gcc/avr/4.8.2/../../../../avr/lib/avr5\libm.a(fp_nan.o)
 .text          0x00000198        0x0 p:/mhv-avr-tools/bin/../lib/gcc/avr/4.8.2/../../../../avr/lib/avr5\libm.a(fp_pscA.o)
 .text          0x00000198        0x0 p:/mhv-avr-tools/bin/../lib/gcc/avr/4.8.2/../../../../avr/lib/avr5\libm.a(fp_pscB.o)
 .text          0x00000198        0x0 p:/mhv-avr-tools/bin/../lib/gcc/avr/4.8.2/../../../../avr/lib/avr5\libm.a(fp_round.o)
 .text          0x00000198        0x0 p:/mhv-avr-tools/bin/../lib/gcc/avr/4.8.2/../../../../avr/lib/avr5\libm.a(fp_split3.o)
 .text          0x00000198        0x0 p:/mhv-avr-tools/bin/../lib/gcc/avr/4.8.2/../../../../avr/lib/avr5\libm.a(fp_zero.o)
 .text          0x00000198        0x0 p:/mhv-avr-tools/bin/../lib/gcc/avr/4.8.2/../../../../avr/lib/avr5\libm.a(mulsf3.o)
 .text          0x00000198        0x0 p:/mhv-avr-tools/bin/../lib/gcc/avr/4.8.2/../../../../avr/lib/avr5\libm.a(mulsf3x.o)
 .text          0x00000198        0x0 p:/mhv-avr-tools/bin/../lib/gcc/avr/4.8.2/../../../../avr/lib/avr5\libc.a(ftoa_engine.o)
 .text          0x00000198        0x0 p:/mhv-avr-tools/bin/../lib/gcc/avr/4.8.2/../../../../avr/lib/avr5\libc.a(strnlen_P.o)
 .text          0x00000198        0x0 p:/mhv-avr-tools/bin/../lib/gcc/avr/4.8.2/../../../../avr/lib/avr5\libc.a(strnlen.o)
 .text          0x00000198        0x0 p:/mhv-avr-tools/bin/../lib/gcc/avr/4.8.2/../../../../avr/lib/avr5\libc.a(fputc.o)
 .text          0x00000198        0x0 p:/mhv-avr-tools/bin/../lib/gcc/avr/4.8.2/../../../../avr/lib/avr5\libc.a(sprintf.o)
 .text          0x00000198        0x0 p:/mhv-avr-tools/bin/../lib/gcc/avr/4.8.2/../../../../avr/lib/avr5\libc.a(ultoa_invert.o)
                0x00000198                . = ALIGN (0x2)
 *(.text.*)
 .text.avr-libc
                0x00000198      0x6f6 p:/mhv-avr-tools/bin/../lib/gcc/avr/4.8.2/../../../../avr/lib/avr5\libprintf_flt.a(vfprintf_flt.o)
                0x00000198                vfprintf
 .text.adcInit  0x0000088e       0x36 ./adc.o
                0x0000088e                adcInit
 .text.adcRead  0x000008c4       0x1c ./adc.o
                0x000008c4                adcRead
 .text.dbg_putchar
                0x000008e0       0x3a ./dbg_putchar.o
                0x000008e0                dbg_putchar
 .text.dbg_putStr
                0x0000091a       0x2a ./dbg_putchar.o
                0x0000091a                dbg_putStr
 .text.snocCmd  0x00000944       0x70 ./main.o
                0x00000944                snocCmd
 .text.startup.main
                0x000009b4       0x5a ./main.o
                0x000009b4                main
 .text.__vector_1
                0x00000a0e      0x19c ./main.o
                0x00000a0e                __vector_1
 .text.usartInit
                0x00000baa       0x18 ./usart.o
                0x00000baa                usartInit
 .text.usartEnableRxInt
                0x00000bc2        0xc ./usart.o
                0x00000bc2                usartEnableRxInt
 .text.usartSendChar
                0x00000bce        0xe ./usart.o
                0x00000bce                usartSendChar
 .text.usartSendString
                0x00000bdc       0x26 ./usart.o
                0x00000bdc                usartSendString
 .text.usartCharReceived
                0x00000c02        0xc ./usart.o
                0x00000c02                usartCharReceived
 .text.usartReadChar
                0x00000c0e        0x6 ./usart.o
                0x00000c0e                usartReadChar
 .text.libgcc.mul
                0x00000c14        0x0 p:/mhv-avr-tools/bin/../lib/gcc/avr/4.8.2/avr5\libgcc.a(_prologue.o)
 .text.libgcc.div
                0x00000c14        0x0 p:/mhv-avr-tools/bin/../lib/gcc/avr/4.8.2/avr5\libgcc.a(_prologue.o)
 .text.libgcc   0x00000c14        0x0 p:/mhv-avr-tools/bin/../lib/gcc/avr/4.8.2/avr5\libgcc.a(_prologue.o)
 .text.libgcc.prologue
                0x00000c14       0x38 p:/mhv-avr-tools/bin/../lib/gcc/avr/4.8.2/avr5\libgcc.a(_prologue.o)
                0x00000c14                __prologue_saves__
 .text.libgcc.builtins
                0x00000c4c        0x0 p:/mhv-avr-tools/bin/../lib/gcc/avr/4.8.2/avr5\libgcc.a(_prologue.o)
 .text.libgcc.fmul
                0x00000c4c        0x0 p:/mhv-avr-tools/bin/../lib/gcc/avr/4.8.2/avr5\libgcc.a(_prologue.o)
 .text.libgcc.fixed
                0x00000c4c        0x0 p:/mhv-avr-tools/bin/../lib/gcc/avr/4.8.2/avr5\libgcc.a(_prologue.o)
 .text.libgcc.mul
                0x00000c4c        0x0 p:/mhv-avr-tools/bin/../lib/gcc/avr/4.8.2/avr5\libgcc.a(_epilogue.o)
 .text.libgcc.div
                0x00000c4c        0x0 p:/mhv-avr-tools/bin/../lib/gcc/avr/4.8.2/avr5\libgcc.a(_epilogue.o)
 .text.libgcc   0x00000c4c        0x0 p:/mhv-avr-tools/bin/../lib/gcc/avr/4.8.2/avr5\libgcc.a(_epilogue.o)
 .text.libgcc.prologue
                0x00000c4c       0x36 p:/mhv-avr-tools/bin/../lib/gcc/avr/4.8.2/avr5\libgcc.a(_epilogue.o)
                0x00000c4c                __epilogue_restores__
 .text.libgcc.builtins
                0x00000c82        0x0 p:/mhv-avr-tools/bin/../lib/gcc/avr/4.8.2/avr5\libgcc.a(_epilogue.o)
 .text.libgcc.fmul
                0x00000c82        0x0 p:/mhv-avr-tools/bin/../lib/gcc/avr/4.8.2/avr5\libgcc.a(_epilogue.o)
 .text.libgcc.fixed
                0x00000c82        0x0 p:/mhv-avr-tools/bin/../lib/gcc/avr/4.8.2/avr5\libgcc.a(_epilogue.o)
 .text.libgcc.mul
                0x00000c82        0x0 p:/mhv-avr-tools/bin/../lib/gcc/avr/4.8.2/avr5\libgcc.a(_exit.o)
 .text.libgcc.div
                0x00000c82        0x0 p:/mhv-avr-tools/bin/../lib/gcc/avr/4.8.2/avr5\libgcc.a(_exit.o)
 .text.libgcc   0x00000c82        0x0 p:/mhv-avr-tools/bin/../lib/gcc/avr/4.8.2/avr5\libgcc.a(_exit.o)
 .text.libgcc.prologue
                0x00000c82        0x0 p:/mhv-avr-tools/bin/../lib/gcc/avr/4.8.2/avr5\libgcc.a(_exit.o)
 .text.libgcc.builtins
                0x00000c82        0x0 p:/mhv-avr-tools/bin/../lib/gcc/avr/4.8.2/avr5\libgcc.a(_exit.o)
 .text.libgcc.fmul
                0x00000c82        0x0 p:/mhv-avr-tools/bin/../lib/gcc/avr/4.8.2/avr5\libgcc.a(_exit.o)
 .text.libgcc.fixed
                0x00000c82        0x0 p:/mhv-avr-tools/bin/../lib/gcc/avr/4.8.2/avr5\libgcc.a(_exit.o)
 .text.libgcc.mul
                0x00000c82        0x0 p:/mhv-avr-tools/bin/../lib/gcc/avr/4.8.2/avr5\libgcc.a(_copy_data.o)
 .text.libgcc.div
                0x00000c82        0x0 p:/mhv-avr-tools/bin/../lib/gcc/avr/4.8.2/avr5\libgcc.a(_copy_data.o)
 .text.libgcc   0x00000c82        0x0 p:/mhv-avr-tools/bin/../lib/gcc/avr/4.8.2/avr5\libgcc.a(_copy_data.o)
 .text.libgcc.prologue
                0x00000c82        0x0 p:/mhv-avr-tools/bin/../lib/gcc/avr/4.8.2/avr5\libgcc.a(_copy_data.o)
 .text.libgcc.builtins
                0x00000c82        0x0 p:/mhv-avr-tools/bin/../lib/gcc/avr/4.8.2/avr5\libgcc.a(_copy_data.o)
 .text.libgcc.fmul
                0x00000c82        0x0 p:/mhv-avr-tools/bin/../lib/gcc/avr/4.8.2/avr5\libgcc.a(_copy_data.o)
 .text.libgcc.fixed
                0x00000c82        0x0 p:/mhv-avr-tools/bin/../lib/gcc/avr/4.8.2/avr5\libgcc.a(_copy_data.o)
 .text.avr-libc.fplib
                0x00000c82        0x4 p:/mhv-avr-tools/bin/../lib/gcc/avr/4.8.2/../../../../avr/lib/avr5\libm.a(divsf3.o)
                0x00000c82                __divsf3
 .text.avr-libc.fplib
                0x00000c86       0xcc p:/mhv-avr-tools/bin/../lib/gcc/avr/4.8.2/../../../../avr/lib/avr5\libm.a(divsf3x.o)
                0x00000c9c                __divsf3x
                0x00000ca0                __divsf3_pse
 .text.avr-libc.fplib
                0x00000d52       0x7a p:/mhv-avr-tools/bin/../lib/gcc/avr/4.8.2/../../../../avr/lib/avr5\libm.a(floatsisf.o)
                0x00000d52                __floatunsisf
                0x00000d56                __floatsisf
 .text.avr-libc.fplib
                0x00000dcc        0xc p:/mhv-avr-tools/bin/../lib/gcc/avr/4.8.2/../../../../avr/lib/avr5\libm.a(fp_inf.o)
                0x00000dcc                __fp_inf
 .text.avr-libc.fplib
                0x00000dd8        0x6 p:/mhv-avr-tools/bin/../lib/gcc/avr/4.8.2/../../../../avr/lib/avr5\libm.a(fp_nan.o)
                0x00000dd8                __fp_nan
 .text.avr-libc.fplib
                0x00000dde        0xe p:/mhv-avr-tools/bin/../lib/gcc/avr/4.8.2/../../../../avr/lib/avr5\libm.a(fp_pscA.o)
                0x00000dde                __fp_pscA
 .text.avr-libc.fplib
                0x00000dec        0xe p:/mhv-avr-tools/bin/../lib/gcc/avr/4.8.2/../../../../avr/lib/avr5\libm.a(fp_pscB.o)
                0x00000dec                __fp_pscB
 .text.avr-libc.fplib
                0x00000dfa       0x22 p:/mhv-avr-tools/bin/../lib/gcc/avr/4.8.2/../../../../avr/lib/avr5\libm.a(fp_round.o)
                0x00000dfa                __fp_round
 .text.avr-libc.fplib
                0x00000e1c       0x44 p:/mhv-avr-tools/bin/../lib/gcc/avr/4.8.2/../../../../avr/lib/avr5\libm.a(fp_split3.o)
                0x00000e1c                __fp_split3
                0x00000e2c                __fp_splitA
 .text.avr-libc.fplib
                0x00000e60        0xe p:/mhv-avr-tools/bin/../lib/gcc/avr/4.8.2/../../../../avr/lib/avr5\libm.a(fp_zero.o)
                0x00000e60                __fp_zero
                0x00000e62                __fp_szero
 .text.avr-libc.fplib
                0x00000e6e        0x4 p:/mhv-avr-tools/bin/../lib/gcc/avr/4.8.2/../../../../avr/lib/avr5\libm.a(mulsf3.o)
                0x00000e6e                __mulsf3
 .text.avr-libc.fplib
                0x00000e72       0xc2 p:/mhv-avr-tools/bin/../lib/gcc/avr/4.8.2/../../../../avr/lib/avr5\libm.a(mulsf3x.o)
                0x00000e86                __mulsf3x
                0x00000e8a                __mulsf3_pse
 .text.avr-libc
                0x00000f34      0x1b0 p:/mhv-avr-tools/bin/../lib/gcc/avr/4.8.2/../../../../avr/lib/avr5\libc.a(ftoa_engine.o)
                0x00000f34                __ftoa_engine
 .text.avr-libc
                0x000010e4       0x16 p:/mhv-avr-tools/bin/../lib/gcc/avr/4.8.2/../../../../avr/lib/avr5\libc.a(strnlen_P.o)
                0x000010e4                strnlen_P
 .text.avr-libc
                0x000010fa       0x16 p:/mhv-avr-tools/bin/../lib/gcc/avr/4.8.2/../../../../avr/lib/avr5\libc.a(strnlen.o)
                0x000010fa                strnlen
 .text.avr-libc
                0x00001110       0x64 p:/mhv-avr-tools/bin/../lib/gcc/avr/4.8.2/../../../../avr/lib/avr5\libc.a(fputc.o)
                0x00001110                fputc
 .text.avr-libc
                0x00001174       0x44 p:/mhv-avr-tools/bin/../lib/gcc/avr/4.8.2/../../../../avr/lib/avr5\libc.a(sprintf.o)
                0x00001174                sprintf
 .text.avr-libc
                0x000011b8       0xbc p:/mhv-avr-tools/bin/../lib/gcc/avr/4.8.2/../../../../avr/lib/avr5\libc.a(ultoa_invert.o)
                0x000011b8                __ultoa_invert
                0x00001274                . = ALIGN (0x2)
 *(.fini9)
 .fini9         0x00001274        0x0 p:/mhv-avr-tools/bin/../lib/gcc/avr/4.8.2/avr5\libgcc.a(_exit.o)
                0x00001274                _exit
                0x00001274                exit
 *(.fini9)
 *(.fini8)
 *(.fini8)
 *(.fini7)
 *(.fini7)
 *(.fini6)
 *(.fini6)
 *(.fini5)
 *(.fini5)
 *(.fini4)
 *(.fini4)
 *(.fini3)
 *(.fini3)
 *(.fini2)
 *(.fini2)
 *(.fini1)
 *(.fini1)
 *(.fini0)
 .fini0         0x00001274        0x4 p:/mhv-avr-tools/bin/../lib/gcc/avr/4.8.2/avr5\libgcc.a(_exit.o)
 *(.fini0)
                0x00001278                _etext = .

.data           0x00800100       0x1a load address 0x00001278
                0x00800100                PROVIDE (__data_start, .)
 *(.data)
 .data          0x00800100        0x0 p:/mhv-avr-tools/bin/../lib/gcc/avr/4.8.2/../../../../avr/lib/avr5/crtm328p.o
 .data          0x00800100        0x0 p:/mhv-avr-tools/bin/../lib/gcc/avr/4.8.2/../../../../avr/lib/avr5\libprintf_flt.a(vfprintf_flt.o)
 .data          0x00800100        0x0 ./adc.o
 .data          0x00800100        0x0 ./dbg_putchar.o
 .data          0x00800100        0x0 ./main.o
 .data          0x00800100        0x0 ./usart.o
 .data          0x00800100        0x0 p:/mhv-avr-tools/bin/../lib/gcc/avr/4.8.2/avr5\libgcc.a(_prologue.o)
 .data          0x00800100        0x0 p:/mhv-avr-tools/bin/../lib/gcc/avr/4.8.2/avr5\libgcc.a(_epilogue.o)
 .data          0x00800100        0x0 p:/mhv-avr-tools/bin/../lib/gcc/avr/4.8.2/avr5\libgcc.a(_exit.o)
 .data          0x00800100        0x0 p:/mhv-avr-tools/bin/../lib/gcc/avr/4.8.2/avr5\libgcc.a(_copy_data.o)
 .data          0x00800100        0x0 p:/mhv-avr-tools/bin/../lib/gcc/avr/4.8.2/../../../../avr/lib/avr5\libm.a(divsf3.o)
 .data          0x00800100        0x0 p:/mhv-avr-tools/bin/../lib/gcc/avr/4.8.2/../../../../avr/lib/avr5\libm.a(divsf3x.o)
 .data          0x00800100        0x0 p:/mhv-avr-tools/bin/../lib/gcc/avr/4.8.2/../../../../avr/lib/avr5\libm.a(floatsisf.o)
 .data          0x00800100        0x0 p:/mhv-avr-tools/bin/../lib/gcc/avr/4.8.2/../../../../avr/lib/avr5\libm.a(fp_inf.o)
 .data          0x00800100        0x0 p:/mhv-avr-tools/bin/../lib/gcc/avr/4.8.2/../../../../avr/lib/avr5\libm.a(fp_nan.o)
 .data          0x00800100        0x0 p:/mhv-avr-tools/bin/../lib/gcc/avr/4.8.2/../../../../avr/lib/avr5\libm.a(fp_pscA.o)
 .data          0x00800100        0x0 p:/mhv-avr-tools/bin/../lib/gcc/avr/4.8.2/../../../../avr/lib/avr5\libm.a(fp_pscB.o)
 .data          0x00800100        0x0 p:/mhv-avr-tools/bin/../lib/gcc/avr/4.8.2/../../../../avr/lib/avr5\libm.a(fp_round.o)
 .data          0x00800100        0x0 p:/mhv-avr-tools/bin/../lib/gcc/avr/4.8.2/../../../../avr/lib/avr5\libm.a(fp_split3.o)
 .data          0x00800100        0x0 p:/mhv-avr-tools/bin/../lib/gcc/avr/4.8.2/../../../../avr/lib/avr5\libm.a(fp_zero.o)
 .data          0x00800100        0x0 p:/mhv-avr-tools/bin/../lib/gcc/avr/4.8.2/../../../../avr/lib/avr5\libm.a(mulsf3.o)
 .data          0x00800100        0x0 p:/mhv-avr-tools/bin/../lib/gcc/avr/4.8.2/../../../../avr/lib/avr5\libm.a(mulsf3x.o)
 .data          0x00800100        0x0 p:/mhv-avr-tools/bin/../lib/gcc/avr/4.8.2/../../../../avr/lib/avr5\libc.a(ftoa_engine.o)
 .data          0x00800100        0x0 p:/mhv-avr-tools/bin/../lib/gcc/avr/4.8.2/../../../../avr/lib/avr5\libc.a(strnlen_P.o)
 .data          0x00800100        0x0 p:/mhv-avr-tools/bin/../lib/gcc/avr/4.8.2/../../../../avr/lib/avr5\libc.a(strnlen.o)
 .data          0x00800100        0x0 p:/mhv-avr-tools/bin/../lib/gcc/avr/4.8.2/../../../../avr/lib/avr5\libc.a(fputc.o)
 .data          0x00800100        0x0 p:/mhv-avr-tools/bin/../lib/gcc/avr/4.8.2/../../../../avr/lib/avr5\libc.a(sprintf.o)
 .data          0x00800100        0x0 p:/mhv-avr-tools/bin/../lib/gcc/avr/4.8.2/../../../../avr/lib/avr5\libc.a(ultoa_invert.o)
 *(.data*)
 *(.rodata)
 *(.rodata*)
 .rodata.str1.1
                0x00800100       0x19 ./main.o
 *(.gnu.linkonce.d*)
                0x0080011a                . = ALIGN (0x2)
 *fill*         0x00800119        0x1 
                0x0080011a                _edata = .
                0x0080011a                PROVIDE (__data_end, .)

.bss            0x0080011a        0x0
                0x0080011a                PROVIDE (__bss_start, .)
 *(.bss)
 .bss           0x0080011a        0x0 p:/mhv-avr-tools/bin/../lib/gcc/avr/4.8.2/../../../../avr/lib/avr5/crtm328p.o
 .bss           0x0080011a        0x0 p:/mhv-avr-tools/bin/../lib/gcc/avr/4.8.2/../../../../avr/lib/avr5\libprintf_flt.a(vfprintf_flt.o)
 .bss           0x0080011a        0x0 ./adc.o
 .bss           0x0080011a        0x0 ./dbg_putchar.o
 .bss           0x0080011a        0x0 ./main.o
 .bss           0x0080011a        0x0 ./usart.o
 .bss           0x0080011a        0x0 p:/mhv-avr-tools/bin/../lib/gcc/avr/4.8.2/avr5\libgcc.a(_prologue.o)
 .bss           0x0080011a        0x0 p:/mhv-avr-tools/bin/../lib/gcc/avr/4.8.2/avr5\libgcc.a(_epilogue.o)
 .bss           0x0080011a        0x0 p:/mhv-avr-tools/bin/../lib/gcc/avr/4.8.2/avr5\libgcc.a(_exit.o)
 .bss           0x0080011a        0x0 p:/mhv-avr-tools/bin/../lib/gcc/avr/4.8.2/avr5\libgcc.a(_copy_data.o)
 .bss           0x0080011a        0x0 p:/mhv-avr-tools/bin/../lib/gcc/avr/4.8.2/../../../../avr/lib/avr5\libm.a(divsf3.o)
 .bss           0x0080011a        0x0 p:/mhv-avr-tools/bin/../lib/gcc/avr/4.8.2/../../../../avr/lib/avr5\libm.a(divsf3x.o)
 .bss           0x0080011a        0x0 p:/mhv-avr-tools/bin/../lib/gcc/avr/4.8.2/../../../../avr/lib/avr5\libm.a(floatsisf.o)
 .bss           0x0080011a        0x0 p:/mhv-avr-tools/bin/../lib/gcc/avr/4.8.2/../../../../avr/lib/avr5\libm.a(fp_inf.o)
 .bss           0x0080011a        0x0 p:/mhv-avr-tools/bin/../lib/gcc/avr/4.8.2/../../../../avr/lib/avr5\libm.a(fp_nan.o)
 .bss           0x0080011a        0x0 p:/mhv-avr-tools/bin/../lib/gcc/avr/4.8.2/../../../../avr/lib/avr5\libm.a(fp_pscA.o)
 .bss           0x0080011a        0x0 p:/mhv-avr-tools/bin/../lib/gcc/avr/4.8.2/../../../../avr/lib/avr5\libm.a(fp_pscB.o)
 .bss           0x0080011a        0x0 p:/mhv-avr-tools/bin/../lib/gcc/avr/4.8.2/../../../../avr/lib/avr5\libm.a(fp_round.o)
 .bss           0x0080011a        0x0 p:/mhv-avr-tools/bin/../lib/gcc/avr/4.8.2/../../../../avr/lib/avr5\libm.a(fp_split3.o)
 .bss           0x0080011a        0x0 p:/mhv-avr-tools/bin/../lib/gcc/avr/4.8.2/../../../../avr/lib/avr5\libm.a(fp_zero.o)
 .bss           0x0080011a        0x0 p:/mhv-avr-tools/bin/../lib/gcc/avr/4.8.2/../../../../avr/lib/avr5\libm.a(mulsf3.o)
 .bss           0x0080011a        0x0 p:/mhv-avr-tools/bin/../lib/gcc/avr/4.8.2/../../../../avr/lib/avr5\libm.a(mulsf3x.o)
 .bss           0x0080011a        0x0 p:/mhv-avr-tools/bin/../lib/gcc/avr/4.8.2/../../../../avr/lib/avr5\libc.a(ftoa_engine.o)
 .bss           0x0080011a        0x0 p:/mhv-avr-tools/bin/../lib/gcc/avr/4.8.2/../../../../avr/lib/avr5\libc.a(strnlen_P.o)
 .bss           0x0080011a        0x0 p:/mhv-avr-tools/bin/../lib/gcc/avr/4.8.2/../../../../avr/lib/avr5\libc.a(strnlen.o)
 .bss           0x0080011a        0x0 p:/mhv-avr-tools/bin/../lib/gcc/avr/4.8.2/../../../../avr/lib/avr5\libc.a(fputc.o)
 .bss           0x0080011a        0x0 p:/mhv-avr-tools/bin/../lib/gcc/avr/4.8.2/../../../../avr/lib/avr5\libc.a(sprintf.o)
 .bss           0x0080011a        0x0 p:/mhv-avr-tools/bin/../lib/gcc/avr/4.8.2/../../../../avr/lib/avr5\libc.a(ultoa_invert.o)
 *(.bss*)
 *(COMMON)
                0x0080011a                PROVIDE (__bss_end, .)
                0x00001278                __data_load_start = LOADADDR (.data)
                0x00001292                __data_load_end = (__data_load_start + SIZEOF (.data))

.noinit         0x0080011a        0x0
                0x0080011a                PROVIDE (__noinit_start, .)
 *(.noinit*)
                0x0080011a                PROVIDE (__noinit_end, .)
                0x0080011a                _end = .
                0x0080011a                PROVIDE (__heap_start, .)

.eeprom         0x00810000        0x0
 *(.eeprom*)
                0x00810000                __eeprom_end = .

.fuse
 *(.fuse)
 *(.lfuse)
 *(.hfuse)
 *(.efuse)

.lock
 *(.lock*)

.signature
 *(.signature*)

.stab           0x00000000     0x1320
 *(.stab)
 .stab          0x00000000      0x54c ./adc.o
 .stab          0x0000054c      0x39c ./dbg_putchar.o
                                0x564 (size before relaxing)
 .stab          0x000008e8      0x60c ./main.o
                                0x7d4 (size before relaxing)
 .stab          0x00000ef4      0x42c ./usart.o
                                0x600 (size before relaxing)

.stabstr        0x00000000      0xf7e
 *(.stabstr)
 .stabstr       0x00000000      0xf7e ./adc.o

.stab.excl
 *(.stab.excl)

.stab.exclstr
 *(.stab.exclstr)

.stab.index
 *(.stab.index)

.stab.indexstr
 *(.stab.indexstr)

.comment        0x00000000       0x27
 *(.comment)
 .comment       0x00000000       0x27 p:/mhv-avr-tools/bin/../lib/gcc/avr/4.8.2/../../../../avr/lib/avr5\libprintf_flt.a(vfprintf_flt.o)
                                 0x28 (size before relaxing)
 .comment       0x00000000       0x28 ./adc.o
 .comment       0x00000000       0x28 ./dbg_putchar.o
 .comment       0x00000000       0x28 ./main.o
 .comment       0x00000000       0x28 ./usart.o
 .comment       0x00000000       0x28 p:/mhv-avr-tools/bin/../lib/gcc/avr/4.8.2/../../../../avr/lib/avr5\libc.a(fputc.o)
 .comment       0x00000000       0x28 p:/mhv-avr-tools/bin/../lib/gcc/avr/4.8.2/../../../../avr/lib/avr5\libc.a(sprintf.o)

.note.gnu.build-id
 *(.note.gnu.build-id)

.debug
 *(.debug)

.line
 *(.line)

.debug_srcinfo
 *(.debug_srcinfo)

.debug_sfnames
 *(.debug_sfnames)

.debug_aranges  0x00000000       0x80
 *(.debug_aranges)
 .debug_aranges
                0x00000000       0x20 p:/mhv-avr-tools/bin/../lib/gcc/avr/4.8.2/avr5\libgcc.a(_prologue.o)
 .debug_aranges
                0x00000020       0x20 p:/mhv-avr-tools/bin/../lib/gcc/avr/4.8.2/avr5\libgcc.a(_epilogue.o)
 .debug_aranges
                0x00000040       0x20 p:/mhv-avr-tools/bin/../lib/gcc/avr/4.8.2/avr5\libgcc.a(_exit.o)
 .debug_aranges
                0x00000060       0x20 p:/mhv-avr-tools/bin/../lib/gcc/avr/4.8.2/avr5\libgcc.a(_copy_data.o)

.debug_pubnames
 *(.debug_pubnames)

.debug_info     0x00000000      0x868
 *(.debug_info .gnu.linkonce.wi.*)
 .debug_info    0x00000000      0x5f4 p:/mhv-avr-tools/bin/../lib/gcc/avr/4.8.2/../../../../avr/lib/avr5/crtm328p.o
 .debug_info    0x000005f4       0x9d p:/mhv-avr-tools/bin/../lib/gcc/avr/4.8.2/avr5\libgcc.a(_prologue.o)
 .debug_info    0x00000691       0x9d p:/mhv-avr-tools/bin/../lib/gcc/avr/4.8.2/avr5\libgcc.a(_epilogue.o)
 .debug_info    0x0000072e       0x9d p:/mhv-avr-tools/bin/../lib/gcc/avr/4.8.2/avr5\libgcc.a(_exit.o)
 .debug_info    0x000007cb       0x9d p:/mhv-avr-tools/bin/../lib/gcc/avr/4.8.2/avr5\libgcc.a(_copy_data.o)

.debug_abbrev   0x00000000      0x5f2
 *(.debug_abbrev)
 .debug_abbrev  0x00000000      0x5a2 p:/mhv-avr-tools/bin/../lib/gcc/avr/4.8.2/../../../../avr/lib/avr5/crtm328p.o
 .debug_abbrev  0x000005a2       0x14 p:/mhv-avr-tools/bin/../lib/gcc/avr/4.8.2/avr5\libgcc.a(_prologue.o)
 .debug_abbrev  0x000005b6       0x14 p:/mhv-avr-tools/bin/../lib/gcc/avr/4.8.2/avr5\libgcc.a(_epilogue.o)
 .debug_abbrev  0x000005ca       0x14 p:/mhv-avr-tools/bin/../lib/gcc/avr/4.8.2/avr5\libgcc.a(_exit.o)
 .debug_abbrev  0x000005de       0x14 p:/mhv-avr-tools/bin/../lib/gcc/avr/4.8.2/avr5\libgcc.a(_copy_data.o)

.debug_line     0x00000000      0x1fe
 *(.debug_line .debug_line.* .debug_line_end)
 .debug_line    0x00000000       0x1a p:/mhv-avr-tools/bin/../lib/gcc/avr/4.8.2/../../../../avr/lib/avr5/crtm328p.o
 .debug_line    0x0000001a       0x85 p:/mhv-avr-tools/bin/../lib/gcc/avr/4.8.2/avr5\libgcc.a(_prologue.o)
 .debug_line    0x0000009f       0x84 p:/mhv-avr-tools/bin/../lib/gcc/avr/4.8.2/avr5\libgcc.a(_epilogue.o)
 .debug_line    0x00000123       0x69 p:/mhv-avr-tools/bin/../lib/gcc/avr/4.8.2/avr5\libgcc.a(_exit.o)
 .debug_line    0x0000018c       0x72 p:/mhv-avr-tools/bin/../lib/gcc/avr/4.8.2/avr5\libgcc.a(_copy_data.o)

.debug_frame
 *(.debug_frame)

.debug_str      0x00000000      0x20b
 *(.debug_str)
 .debug_str     0x00000000      0x20b p:/mhv-avr-tools/bin/../lib/gcc/avr/4.8.2/../../../../avr/lib/avr5/crtm328p.o

.debug_loc
 *(.debug_loc)

.debug_macinfo
 *(.debug_macinfo)

.debug_weaknames
 *(.debug_weaknames)

.debug_funcnames
 *(.debug_funcnames)

.debug_typenames
 *(.debug_typenames)

.debug_varnames
 *(.debug_varnames)

.debug_pubtypes
 *(.debug_pubtypes)

.debug_ranges
 *(.debug_ranges)

.debug_macro
 *(.debug_macro)
OUTPUT(CA9-PartB.elf elf32-avr)
LOAD linker stubs
